+---------------+------+--------+----------+-------+
| return_period | kind | policy | taxonomy | value |
+---------------+------+--------+----------+-------+
| 240           | mean | A      | RC       | 171.5 |
+---------------+------+--------+----------+-------+
| 480           | mean | A      | RC       | 556.5 |
+---------------+------+--------+----------+-------+
| 960           | mean | A      | RC       | 667.6 |
+---------------+------+--------+----------+-------+