#,,,,,,,"generated_by='OpenQuake engine 3.16.0-gitb18c64c323', start_date='2022-09-16T10:27:57', checksum=3950904965, investigation_time=50.0, risk_investigation_time=50.0"
asset_id,policy,taxonomy,lon,lat,nonstructural,structural,structural+nonstructural_ins
a0,A,RM,81.29850,29.10980,4.57195E+01,1.20380E+02,2.68714E+01
a1,A,RC,83.08230,27.90060,1.99868E+01,1.07033E+02,6.75041E+01
a2,B,W,85.74770,27.90150,2.30519E+01,1.83082E+02,1.78008E+02
a3,B,RM,85.74770,27.90150,1.47280E+02,2.75007E+02,2.81977E+02
