#,,"generated_by='OpenQuake engine 3.13.0-git7c68bd3775', start_date='2021-09-27T05:54:35', checksum=1721309988, investigation_time=None, risk_investigation_time=None"
loss_type,loss_value,loss_ratio
structural,1.33487E+07,2.88512E-01
