#,,,,"generated_by='OpenQuake engine 3.13.0-gitb633fe5457', start_date='2021-11-10T10:58:57', checksum=2643904665, investigation_time=50.0, risk_investigation_time=50.0"
asset_id,taxonomy,lon,lat,structural
a0,RM,81.29850,29.10980,3.19333E+02
a1,RC+,83.08230,27.90060,6.76709E+01
a2,W/1,85.74770,27.90150,2.49081E+02
a3,RM,85.74770,27.90150,2.29364E+02
