#,,,,"generated_by='OpenQuake engine 3.13.0-git2408608428', start_date='2021-10-02T07:30:23', checksum=3590982611, investigation_time=1.0, risk_investigation_time=50.0"
event_id,loss,loss_type,rup_id,year
0,9.31775E+02,structural,0,1
1,6.10171E+02,structural,1,1
2,5.58223E+02,structural,1,1
