#,,,,,,,,,"generated_by='OpenQuake engine 3.16.0-git560993cedb', start_date='2022-09-20T18:58:31', checksum=2517070861, investigation_time=50.0, ses_per_logic_tree_path=2000"
rup_id,multiplicity,mag,centroid_lon,centroid_lat,centroid_depth,trt,strike,dip,rake
0,1,8.200000E+00,1.400020E+02,3.523400E+01,1.940000E+01,Subduction Interface,2.869428E+02,1.245633E+01,9.000000E+01
1,3,8.300000E+00,1.408590E+02,3.509900E+01,1.550000E+01,Subduction Interface,2.607497E+02,8.708958E+00,9.000000E+01
2,8,7.900000E+00,1.405550E+02,3.507600E+01,1.580000E+01,Subduction Interface,2.658541E+02,1.146414E+01,9.000000E+01
3,10,7.900000E+00,1.396160E+02,3.541300E+01,1.850000E+01,Subduction Interface,3.044320E+02,1.547410E+01,9.000000E+01
4,15,8.000000E+00,1.395880E+02,3.532400E+01,1.580000E+01,Subduction Interface,3.056792E+02,1.504422E+01,9.000000E+01
5,3,8.200000E+00,1.408590E+02,3.530100E+01,1.920000E+01,Subduction Interface,2.535450E+02,8.704137E+00,9.000000E+01
