#,,,,"generated_by='OpenQuake engine 3.14.0-git58ead3b296', start_date='2022-01-27T05:24:25', checksum=2631612287, investigation_time=1.0, risk_investigation_time=1.0"
event_id,loss,loss_type,rup_id,year
0,2.95177E+02,structural,0,1
1,3.59865E+02,structural,1,1
2,4.21694E+03,structural,2,1
3,3.82161E+03,structural,3,1
