#,,,"generated_by='OpenQuake engine 3.16.0-git480018e916', start_date='2022-11-09T03:05:43', checksum=2174348292, risk_investigation_time=50.0, num_events=3, effective_time=10.0, limit_states=''"
return_period,loss_type,loss_value,loss_ratio
5,structural,6.10171E+02,1.52543E-02
10,structural,9.31775E+02,2.32944E-02
