#,,,,"generated_by='OpenQuake engine 3.16.0-git774455542c', start_date='2022-10-11T08:09:53', checksum=1989861131, imls=[0.9999999999999998, 0.6147003601397066], site_id=1, lon=0.0, lat=0.1"
sa_period,val0,std0,val1,std1
0.00000E+00,9.75728E-01,1.56147E-01,9.88433E-01,1.28141E-01
1.00000E-01,9.93587E-01,7.42379E-02,9.94520E-01,6.95555E-02
2.00000E-01,1.00000E+00,3.55773E-17,9.95903E-01,4.43218E-02
3.00000E-01,9.90362E-01,8.07385E-02,9.93002E-01,8.21274E-02
1.00000E+00,9.50314E-01,3.28648E-01,9.80447E-01,2.21984E-01
