#,,"generated_by='OpenQuake engine 3.15.0-gitea8e84068a', start_date='2022-04-13T05:12:35', checksum=2236535684, investigation_time=None, risk_investigation_time=None"
loss_type,loss_value,loss_ratio
structural,1.78341E+06,1.73463E-03
