#,,,,"generated_by='OpenQuake engine 3.15.0-gitc569606166', start_date='2022-07-15T10:03:27', checksum=350190347"
return_period,loss_type,loss,stat,NAME_1
5,contents,0.0,mean,Mid-Western
5,contents,0.0,quantile-0.15,Mid-Western
5,contents,0.0,quantile-0.85,Mid-Western
5,structural,0.0,mean,Mid-Western
5,structural,0.0,quantile-0.15,Mid-Western
5,structural,0.0,quantile-0.85,Mid-Western
5,structural+contents,0.0,mean,Mid-Western
5,structural+contents,0.0,quantile-0.15,Mid-Western
5,structural+contents,0.0,quantile-0.85,Mid-Western
10,contents,0.0,mean,Mid-Western
10,contents,0.0,quantile-0.15,Mid-Western
10,contents,0.0,quantile-0.85,Mid-Western
10,structural,0.0,mean,Mid-Western
10,structural,0.0,quantile-0.15,Mid-Western
10,structural,0.0,quantile-0.85,Mid-Western
10,structural+contents,0.0,mean,Mid-Western
10,structural+contents,0.0,quantile-0.15,Mid-Western
10,structural+contents,0.0,quantile-0.85,Mid-Western
20,contents,0.0,mean,Mid-Western
20,contents,0.0,quantile-0.15,Mid-Western
20,contents,0.0,quantile-0.85,Mid-Western
20,structural,0.0,mean,Mid-Western
20,structural,0.0,quantile-0.15,Mid-Western
20,structural,0.0,quantile-0.85,Mid-Western
20,structural+contents,0.0,mean,Mid-Western
20,structural+contents,0.0,quantile-0.15,Mid-Western
20,structural+contents,0.0,quantile-0.85,Mid-Western
50,contents,0.0,mean,Mid-Western
50,contents,0.0,quantile-0.15,Mid-Western
50,contents,0.0,quantile-0.85,Mid-Western
50,structural,0.0,mean,Mid-Western
50,structural,0.0,quantile-0.15,Mid-Western
50,structural,0.0,quantile-0.85,Mid-Western
50,structural+contents,0.0,mean,Mid-Western
50,structural+contents,0.0,quantile-0.15,Mid-Western
50,structural+contents,0.0,quantile-0.85,Mid-Western
100,contents,0.0,mean,Mid-Western
100,contents,0.0,quantile-0.15,Mid-Western
100,contents,0.0,quantile-0.85,Mid-Western
100,structural,999.882421875,mean,Mid-Western
100,structural,61.72113715277776,quantile-0.15,Mid-Western
100,structural,925.8170572916665,quantile-0.85,Mid-Western
100,structural+contents,1232.152722167969,mean,Mid-Western
100,structural+contents,1111.9668986002605,quantile-0.15,Mid-Western
100,structural+contents,1222.6643676757812,quantile-0.85,Mid-Western
200,contents,1073.7062622070314,mean,Mid-Western
200,contents,66.27816433376735,quantile-0.15,Mid-Western
200,contents,994.1724650065104,quantile-0.85,Mid-Western
200,structural,1841.7603637695313,mean,Mid-Western
200,structural,1447.7720879448784,quantile-0.15,Mid-Western
200,structural,1810.6560262044272,quantile-0.85,Mid-Western
200,structural+contents,2481.0186401367187,mean,Mid-Western
200,structural+contents,1687.2333374023438,quantile-0.15,Mid-Western
200,structural+contents,2418.3513793945312,quantile-0.85,Mid-Western
500,contents,2666.4562744140626,mean,Mid-Western
500,contents,1491.5217149522568,quantile-0.15,Mid-Western
500,contents,2573.6982828776045,quantile-0.85,Mid-Western
500,structural,3051.8239990234374,mean,Mid-Western
500,structural,2487.673055013021,quantile-0.15,Mid-Western
500,structural,3007.2857666015625,quantile-0.85,Mid-Western
500,structural+contents,5445.0599365234375,mean,Mid-Western
500,structural+contents,2961.4974907769097,quantile-0.15,Mid-Western
500,structural+contents,5248.9892171223955,quantile-0.85,Mid-Western
1000,contents,4521.098352050781,mean,Mid-Western
1000,contents,2060.6248440212676,quantile-0.15,Mid-Western
1000,contents,4326.850443522135,quantile-0.85,Mid-Western
1000,structural,3819.56845703125,mean,Mid-Western
1000,structural,3464.2325846354165,quantile-0.15,Mid-Western
1000,structural,3791.515625,quantile-0.85,Mid-Western
1000,structural+contents,7910.80849609375,mean,Mid-Western
1000,structural+contents,5037.057671440973,quantile-0.15,Mid-Western
1000,structural+contents,7683.933430989583,quantile-0.85,Mid-Western
2000,contents,6320.112158203125,mean,Mid-Western
2000,contents,2687.0618760850693,quantile-0.15,Mid-Western
2000,contents,6033.292399088541,quantile-0.85,Mid-Western
2000,structural,4718.293212890625,mean,Mid-Western
2000,structural,4454.723876953125,quantile-0.15,Mid-Western
2000,structural,4697.485107421875,quantile-0.85,Mid-Western
2000,structural+contents,11030.545556640625,mean,Mid-Western
2000,structural+contents,6331.555691189236,quantile-0.15,Mid-Western
2000,structural+contents,10659.572672526041,quantile-0.85,Mid-Western
5000,contents,9878.96708984375,mean,Mid-Western
5000,contents,4574.794650607639,quantile-0.15,Mid-Western
5000,contents,9460.216634114582,quantile-0.85,Mid-Western
5000,structural,7951.820410156251,mean,Mid-Western
5000,structural,6368.982693142361,quantile-0.15,Mid-Western
5000,structural,7826.859537760416,quantile-0.85,Mid-Western
5000,structural+contents,17824.56748046875,mean,Mid-Western
5000,structural+contents,10885.040961371527,quantile-0.15,Mid-Western
5000,structural+contents,17276.710123697914,quantile-0.85,Mid-Western
10000,contents,25127.912060546874,mean,Mid-Western
10000,contents,6942.784044053819,quantile-0.15,Mid-Western
10000,contents,23692.24405924479,quantile-0.85,Mid-Western
10000,structural,20051.534716796876,mean,Mid-Western
10000,structural,8622.60218641493,quantile-0.15,Mid-Western
10000,structural,19149.25056966146,quantile-0.85,Mid-Western
10000,structural+contents,44866.805957031254,mean,Mid-Western
10000,structural+contents,12612.667371961805,quantile-0.15,Mid-Western
10000,structural+contents,42320.42659505208,quantile-0.85,Mid-Western
5,contents,0.0,mean,Far-Western
5,contents,0.0,quantile-0.15,Far-Western
5,contents,0.0,quantile-0.85,Far-Western
5,structural,0.0,mean,Far-Western
5,structural,0.0,quantile-0.15,Far-Western
5,structural,0.0,quantile-0.85,Far-Western
5,structural+contents,0.0,mean,Far-Western
5,structural+contents,0.0,quantile-0.15,Far-Western
5,structural+contents,0.0,quantile-0.85,Far-Western
10,contents,0.0,mean,Far-Western
10,contents,0.0,quantile-0.15,Far-Western
10,contents,0.0,quantile-0.85,Far-Western
10,structural,0.0,mean,Far-Western
10,structural,0.0,quantile-0.15,Far-Western
10,structural,0.0,quantile-0.85,Far-Western
10,structural+contents,0.0,mean,Far-Western
10,structural+contents,0.0,quantile-0.15,Far-Western
10,structural+contents,0.0,quantile-0.85,Far-Western
20,contents,0.0,mean,Far-Western
20,contents,0.0,quantile-0.15,Far-Western
20,contents,0.0,quantile-0.85,Far-Western
20,structural,0.0,mean,Far-Western
20,structural,0.0,quantile-0.15,Far-Western
20,structural,0.0,quantile-0.85,Far-Western
20,structural+contents,0.0,mean,Far-Western
20,structural+contents,0.0,quantile-0.15,Far-Western
20,structural+contents,0.0,quantile-0.85,Far-Western
50,contents,0.0,mean,Far-Western
50,contents,0.0,quantile-0.15,Far-Western
50,contents,0.0,quantile-0.85,Far-Western
50,structural,0.0,mean,Far-Western
50,structural,0.0,quantile-0.15,Far-Western
50,structural,0.0,quantile-0.85,Far-Western
50,structural+contents,0.0,mean,Far-Western
50,structural+contents,0.0,quantile-0.15,Far-Western
50,structural+contents,0.0,quantile-0.85,Far-Western
100,contents,0.0,mean,Far-Western
100,contents,0.0,quantile-0.15,Far-Western
100,contents,0.0,quantile-0.85,Far-Western
100,structural,1089.7487182617188,mean,Far-Western
100,structural,67.26843939887151,quantile-0.15,Far-Western
100,structural,1009.0265909830728,quantile-0.85,Far-Western
100,structural+contents,1089.7487182617188,mean,Far-Western
100,structural+contents,67.26843939887151,quantile-0.15,Far-Western
100,structural+contents,1009.0265909830728,quantile-0.85,Far-Western
200,contents,0.0,mean,Far-Western
200,contents,0.0,quantile-0.15,Far-Western
200,contents,0.0,quantile-0.85,Far-Western
200,structural,1756.2355834960938,mean,Far-Western
200,structural,1275.9979044596355,quantile-0.15,Far-Western
200,structural,1718.3220825195312,quantile-0.85,Far-Western
200,structural+contents,2017.8956420898437,mean,Far-Western
200,structural+contents,1295.7730780707466,quantile-0.15,Far-Western
200,structural+contents,1960.8859659830728,quantile-0.85,Far-Western
500,contents,1471.9825927734375,mean,Far-Western
500,contents,1064.5426839192708,quantile-0.15,Far-Western
500,contents,1439.8162841796875,quantile-0.85,Far-Western
500,structural,3332.0123291015625,mean,Far-Western
500,structural,2498.930569118924,quantile-0.15,Far-Western
500,structural,3266.242716471354,quantile-0.85,Far-Western
500,structural+contents,4344.219824218751,mean,Far-Western
500,structural+contents,3328.1783311631943,quantile-0.15,Far-Western
500,structural+contents,4264.006022135417,quantile-0.85,Far-Western
1000,contents,2298.5278198242186,mean,Far-Western
1000,contents,1556.546379937066,quantile-0.15,Far-Western
1000,contents,2239.9503377278647,quantile-0.85,Far-Western
1000,structural,5855.826953125,mean,Far-Western
1000,structural,3694.1217447916665,quantile-0.15,Far-Western
1000,structural,5685.166015625,quantile-0.85,Far-Western
1000,structural+contents,8170.553369140625,mean,Far-Western
1000,structural+contents,5705.737548828125,quantile-0.15,Far-Western
1000,structural+contents,7975.962646484375,quantile-0.85,Far-Western
2000,contents,5169.7205078125,mean,Far-Western
2000,contents,3216.8668619791665,quantile-0.15,Far-Western
2000,contents,5015.5478515625,quantile-0.85,Far-Western
2000,structural,7567.55986328125,mean,Far-Western
2000,structural,5499.832085503473,quantile-0.15,Far-Western
2000,structural,7404.318196614583,quantile-0.85,Far-Western
2000,structural+contents,13383.223095703124,mean,Far-Western
2000,structural+contents,8257.10267469618,quantile-0.15,Far-Western
2000,structural+contents,12978.529378255209,quantile-0.85,Far-Western
5000,contents,10391.097412109375,mean,Far-Western
5000,contents,8194.459499782986,quantile-0.15,Far-Western
5000,contents,10217.678629557291,quantile-0.85,Far-Western
5000,structural,9389.37099609375,mean,Far-Western
5000,structural,8688.695692274305,quantile-0.15,Far-Western
5000,structural,9334.054524739584,quantile-0.85,Far-Western
5000,structural+contents,19870.5927734375,mean,Far-Western
5000,structural+contents,16856.75900607639,quantile-0.15,Far-Western
5000,structural+contents,19632.658528645832,quantile-0.85,Far-Western
10000,contents,10644.6677734375,mean,Far-Western
10000,contents,9711.719943576389,quantile-0.15,Far-Western
10000,contents,10571.013997395834,quantile-0.85,Far-Western
10000,structural,10299.811230468751,mean,Far-Western
10000,structural,8959.995388454861,quantile-0.15,Far-Western
10000,structural,10194.036295572916,quantile-0.85,Far-Western
10000,structural+contents,20850.9484375,mean,Far-Western
10000,structural+contents,18665.941840277777,quantile-0.15,Far-Western
10000,structural+contents,20678.447916666668,quantile-0.85,Far-Western
