2.12900E+03 0.00000E+00 0.00000E+00 0.00000E+00 0.00000E+00
4.60000E+02 0.00000E+00 0.00000E+00 0.00000E+00 0.00000E+00
7.70000E+01 0.00000E+00 0.00000E+00 0.00000E+00 0.00000E+00
1.49977E+01 2.25340E-03 0.00000E+00 5.33672E-05 0.00000E+00
9.99863E-01 0.00000E+00 1.17244E-04 1.97390E-05 0.00000E+00
