#,,,,,,"generated_by='OpenQuake engine 3.13.0-gitfd10c012c5', start_date='2021-11-10T11:22:24', checksum=759753235"
asset_id,taxonomy,lon,lat,structural~no_damage,structural~LS1,structural~LS2
a1,RM,81.29850,29.10980,2.861000E+03,1.374000E+02,1.600000E+00
a2,RC,83.08230,27.90060,2.388000E+02,5.658000E+02,1.954000E+02
a3,W,85.74770,27.90150,2.744000E+02,1.406000E+03,3.196000E+02
