#,,,,,,,,,,,"generated_by='OpenQuake engine 3.18.0-git00abdf97f8', start_date='2023-09-18T09:11:51', checksum=2491672072"
rlz_id,return_period,retention,claim,treaty_1,treaty_2,xlr1,CatXL1,CatXL2,overspill_treaty_1,overspill_treaty_2,overspill_CatXL2
0,5.00000E+01,5.50000E+02,2.41014E+03,1.63280E+02,5.00000E+02,5.05591E+02,2.46486E+02,6.50000E+02,0.00000E+00,2.50000E+02,2.50000E+02
0,1.00000E+02,5.50000E+02,3.55715E+03,2.50000E+02,5.00000E+02,8.92644E+02,7.02289E+02,6.50000E+02,3.54189E+01,2.50000E+02,2.50000E+02
0,2.00000E+02,5.50000E+02,3.56718E+03,2.50000E+02,5.00000E+02,9.04865E+02,7.24539E+02,6.50000E+02,4.06565E+01,2.50000E+02,2.50000E+02
1,5.00000E+01,0.00000E+00,0.00000E+00,0.00000E+00,0.00000E+00,0.00000E+00,0.00000E+00,0.00000E+00,0.00000E+00,0.00000E+00,0.00000E+00
1,1.00000E+02,3.00000E+02,2.40616E+03,2.13471E+02,4.79495E+02,7.92661E+02,2.41038E+02,3.79495E+02,0.00000E+00,0.00000E+00,0.00000E+00
1,2.00000E+02,5.50000E+02,3.43379E+03,2.37341E+02,5.00000E+02,8.00000E+02,6.96445E+02,6.50000E+02,0.00000E+00,2.50000E+02,2.50000E+02
