#,"generated_by='OpenQuake engine 3.15.0-git688c169e39', start_date='2022-07-12T11:15:28', checksum=2186660181, investigation_time=50.0, risk_investigation_time=50.0"
source,value
1,2.40759E+03
2,2.14066E+03
3,9.16178E+03
