#,,,,"generated_by='OpenQuake engine 3.13.0-gitfd10c012c5', start_date='2021-11-10T11:21:11', checksum=3228602707, investigation_time=None, risk_investigation_time=None"
asset_id,taxonomy,lon,lat,structural
a1,RM,81.29850,29.10980,1.40486E+02
a2,RC,83.08230,27.90060,1.99854E+02
a4,W,85.74700,27.90000,0.00000E+00
a3,W,85.74770,27.90150,2.59052E+02
