#,,,,,"generated_by='OpenQuake engine 3.14.0-git58ead3b296', start_date='2022-01-27T05:24:24', checksum=1764635623, investigation_time=1.0, risk_investigation_time=1.0"
asset_id,NAME_1,taxonomy,lon,lat,structural
a4,RegionB,tax1,-122.00000,37.91000,3.09001E+00
a5,RegionB,tax1,-122.00000,37.91000,3.09001E+00
a6,RegionB,tax1,-122.00000,37.91000,3.09001E+00
a1,Region A,tax1,-122.00000,38.11300,1.99676E+01
a2,Region A,tax1,-122.00000,38.11300,1.99676E+01
a3,RegionB,tax1,-122.00000,38.11300,1.99676E+01
a7,RegionB,tax1,-121.88600,38.11300,6.12020E+00
