#,,,,,,,"generated_by='OpenQuake engine 3.18.0-gitbd5cd346d9', start_date='2023-10-12T08:28:32', checksum=575548841, kind='mean', investigation_time=50.0, imt='PGA'"
lon,lat,depth,poe-0.0050000,poe-0.0070000,poe-0.0098000,poe-0.0137000,poe-0.0192000
0.00000,0.00000,0.00000,9.508621E-01,9.255674E-01,8.896387E-01,8.104963E-01,7.604306E-01
