#,,,"generated_by='OpenQuake engine 3.15.0-git8bbbdf5666', start_date='2022-07-13T07:11:35', checksum=1764635623, risk_investigation_time=1.0, num_events=28, effective_time=1000.0, limit_states=''"
return_period,loss_type,loss_value,loss_ratio
50,structural,1.47710E+03,2.11014E-02
100,structural,2.79396E+03,3.99137E-02
200,structural,4.57376E+03,6.53395E-02
500,structural,7.35950E+03,1.05136E-01
1000,structural,9.49993E+03,1.35713E-01
